
루트 아래 전체 페이지 1313개 (데이터베이스 28개)
  검색가능: 326개
  로그DB제외: 953개
  제외설정: 0개
  내용없음: 34개

[검색 안 되는 페이지 — 내용 없음으로 판정된 것 34개]
   - 베트남 팀  (DB행)
   - 커뮤니티 사업부  (DB행)
   - Episode 12. 사자는   (DB행)
   - (제목 없음)  (DB행)
   - (제목 없음)  (DB행)
   - 프라이드 미팅 TF팀  (DB행)
   - 초중고_김민형 - 김민형  (DB행)
   - EC1A0373-4DE2-46A8-AEB8-6FE6D434520D - 오인경  (DB행)
   - C185ED88-9421-4EB9-972A-78570F908F40 - 이수빈  (DB행)
   - KakaoTalk_Photo_2021-12-21-22-00-49 - 이지훈  (DB행)
   - C360_2012-11-02-17-25-08 - 한창표  (DB행)
   - 나성영 - Logan Na  (DB행)
   - KakaoTalk_Photo_2021-12-28-23-33-49 - 김영웅  (DB행)
   - 6450BA7A-B608-4D55-9546-7F7EDE981B22 - 문미준  (DB행)
   - 1CECF47D-06DA-41A5-9D3C-7AFFF224FCC4 - 이수빈  (DB행)
   - 민성아  (DB행)
   - 284EF5C4-7137-4E4E-B5DA-D3591CA3840C - 김범수  (DB행)
   - IMG_7062 - 민성아  (DB행)
   - IMG_7067 - 민성아  (DB행)
   - 952BCACA-B827-46B7-B2C5-B3D747EABA31 - 문미준  (DB행)
   - 415328DB-264F-4770-94AC-43BF87E96F6E - 조경민  (DB행)
   - 민코몽_김민형 - 김민형  (DB행)
   - IMG_7056 - 민성아  (DB행)
   - 조경민_이동헌 - 조경민  (DB행)
   - KakaoTalk_Video_2021-12-28-23-20-21 - 한창표  (DB행)
   - IMG_2889 - 노하은  (DB행)
   - (제목 없음)  (DB행)
   - 김영웅_성대모사         (DB행)
   - IMG_8286 - Sean Kim  (DB행)
   - KakaoTalk_Video_2021-12-27-22-27-35 - 이지훈  (DB행)
   - Drawing_Lion - 이수빈  (DB행)
   - KakaoTalk_Video_2021-12-28-23-20-11 - 한창표  (DB행)
   - 하승민 - 하승민  (DB행)
   - (제목 없음)  (DB행)
